{"BOARD":"exynos9611","SERIAL":"unknown","SOC_MANUFACTURER":"Samsung","CPU_ABI2":"","DEVICE":"a51","MODEL":"SM-A515F","MANUFACTURER":"samsung","CPU_ABI":"arm64-v8a","cameraIds":["0","1","2","3"],"BRAND":"samsung","SUPPORTED_ABIS":["arm64-v8a","armeabi-v7a","armeabi"],"FINGERPRINT":"samsung/a51zh/a51:13/TP1A.220624.014/A515FZHU8HWI1:user/release-keys","getRadioVersion":"A515FZHU8HWI1,A515FZHU8HWI1","HARDWARE":"exynos9611","PRODUCT":"a51zh","BOOTLOADER":"A515FZHU8HWI1","cpuInfoFile":{"/proc/cpuinfo":"processor\t: 0\nBogoMIPS\t: 52.00\nFeatures\t: fp asimd evtstrm aes pmull sha1 sha2 crc32 cpuid\nCPU implementer\t: 0x41\nCPU architecture: 8\nCPU variant\t: 0x0\nCPU part\t: 0xd03\nCPU revision\t: 4\n\nprocessor\t: 1\nBogoMIPS\t: 52.00\nFeatures\t: fp asimd evtstrm aes pmull sha1 sha2 crc32 cpuid\nCPU implementer\t: 0x41\nCPU architecture: 8\nCPU variant\t: 0x0\nCPU part\t: 0xd03\nCPU revision\t: 4\n\nprocessor\t: 2\nBogoMIPS\t: 52.00\nFeatures\t: fp asimd evtstrm aes pmull sha1 sha2 crc32 cpuid\nCPU implementer\t: 0x41\nCPU architecture: 8\nCPU variant\t: 0x0\nCPU part\t: 0xd03\nCPU revision\t: 4\n\nprocessor\t: 3\nBogoMIPS\t: 52.00\nFeatures\t: fp asimd evtstrm aes pmull sha1 sha2 crc32 cpuid\nCPU implementer\t: 0x41\nCPU architecture: 8\nCPU variant\t: 0x0\nCPU part\t: 0xd03\nCPU revision\t: 4\n\nprocessor\t: 4\nBogoMIPS\t: 52.00\nFeatures\t: fp asimd evtstrm aes pmull sha1 sha2 crc32 cpuid\nCPU implementer\t: 0x41\nCPU architecture: 8\nCPU variant\t: 0x0\nCPU part\t: 0xd09\nCPU revision\t: 2\n\nprocessor\t: 5\nBogoMIPS\t: 52.00\nFeatures\t: fp asimd evtstrm aes pmull sha1 sha2 crc32 cpuid\nCPU implementer\t: 0x41\nCPU architecture: 8\nCPU variant\t: 0x0\nCPU part\t: 0xd09\nCPU revision\t: 2\n\nprocessor\t: 6\nBogoMIPS\t: 52.00\nFeatures\t: fp asimd evtstrm aes pmull sha1 sha2 crc32 cpuid\nCPU implementer\t: 0x41\nCPU architecture: 8\nCPU variant\t: 0x0\nCPU part\t: 0xd09\nCPU revision\t: 2\n\nprocessor\t: 7\nBogoMIPS\t: 52.00\nFeatures\t: fp asimd evtstrm aes pmull sha1 sha2 crc32 cpuid\nCPU implementer\t: 0x41\nCPU architecture: 8\nCPU variant\t: 0x0\nCPU part\t: 0xd09\nCPU revision\t: 2\n\n","/sys/devices/system/cpu/cpu0/cpufreq/cpuinfo_max_freq":"1742000\n","/sys/devices/system/cpu/cpu4/cpufreq/cpuinfo_min_freq":"936000\n","/sys/devices/system/cpu/cpu4/cpufreq/cpuinfo_max_freq":"2314000\n","/sys/devices/system/cpu/cpu6/cpufreq/cpuinfo_max_freq":"2314000\n","/sys/devices/system/cpu/cpu6/cpufreq/cpuinfo_min_freq":"936000\n","/proc/meminfo":"MemTotal:        5706168 kB\nMemFree:          194596 kB\nMemAvailable:    2177060 kB\nBuffers:            2572 kB\nCached:          2131476 kB\nSwapCached:       157148 kB\nActive:          2197664 kB\nInactive:        1701880 kB\nActive(anon):    1409320 kB\nInactive(anon):   404304 kB\nActive(file):     788344 kB\nInactive(file):  1297576 kB\nUnevictable:        2752 kB\nMlocked:            2752 kB\nSwapTotal:       4194300 kB\nSwapFree:        2942920 kB\nDirty:              1900 kB\nWriteback:             0 kB\nAnonPages:       1764796 kB\nMapped:           804692 kB\nShmem:             50772 kB\nSlab:             356196 kB\nSReclaimable:     144404 kB\nSUnreclaim:       211792 kB\nKernelStack:       71888 kB\nPageTables:       106760 kB\nNFS_Unstable:          0 kB\nBounce:                0 kB\nWritebackTmp:          0 kB\nCommitLimit:     7047384 kB\nCommitted_AS:   107921252 kB\nVmallocTotal:   263061440 kB\nVmallocUsed:           0 kB\nVmallocChunk:          0 kB\nCmaTotal:         135168 kB\nCmaFree:               0 kB\n","/sys/devices/system/cpu/cpu0/cpufreq/cpuinfo_min_freq":"403000\n"},"SOC_MODEL":"Exynos 9611"}
